// Jest Snapshot v1, https://goo.gl/fbAQLP

exports[`KanbanBoardPage render KanbanBoardPage 1`] = `
{
  "asFragment": [Function],
  "baseElement": <body>
    <div>
      <div
        class="container"
      >
        <div
          class="row justify-content-center mt-2"
          data-testid="searchForm"
        >
          <div
            class="col-9"
          >
            <input
              class="me-2 form-control form-control-lg"
              placeholder="Enter repo URL"
            />
          </div>
          <button
            class="col-2 me-2 btn btn-secondary btn-sm"
          >
            Load Issues
          </button>
          <div
            class="d-flex col-11 ms-0 mt-2"
          >
            <a
              class="text-decoration-none"
              data-testid="Profile"
              href="https://github.com/"
              rel="noreferrer"
              target="_blank"
            >
              Profile
            </a>
            <p
              class="ms-2 me-2"
            >
              &gt;
            </p>
            <a
              class="text-decoration-none"
              data-testid="Repository"
              href="https://github.com/"
              rel="noreferrer"
              target="_blank"
            >
              Repository
            </a>
          </div>
        </div>
        <div
          class="d-flex justify-content-center row"
          data-testid="issueTable"
        >
          <div
            class="d-flex flex-column align-items-center col"
          >
            <h2>
              To do
            </h2>
            <div
              class="m-1"
            >
              <div
                class="p-1 rounded"
                data-rbd-droppable-context-id="0"
                data-rbd-droppable-id="1"
                data-testid="droppable"
                style="background: lightgrey; width: 350px; height: 500px; overflow-y: auto;"
              />
            </div>
          </div>
          <div
            class="d-flex flex-column align-items-center col"
          >
            <h2>
              In Progress
            </h2>
            <div
              class="m-1"
            >
              <div
                class="p-1 rounded"
                data-rbd-droppable-context-id="0"
                data-rbd-droppable-id="2"
                data-testid="droppable"
                style="background: lightgrey; width: 350px; height: 500px; overflow-y: auto;"
              />
            </div>
          </div>
          <div
            class="d-flex flex-column align-items-center col"
          >
            <h2>
              Done
            </h2>
            <div
              class="m-1"
            >
              <div
                class="p-1 rounded"
                data-rbd-droppable-context-id="0"
                data-rbd-droppable-id="3"
                data-testid="droppable"
                style="background: lightgrey; width: 350px; height: 500px; overflow-y: auto;"
              />
            </div>
          </div>
        </div>
      </div>
    </div>
    <div
      aria-atomic="true"
      aria-live="assertive"
      id="rbd-announcement-0"
      style="position: absolute; width: 1px; height: 1px; margin: -1px; border: 0px; padding: 0px; overflow: hidden; clip-path: inset(100%);"
    />
    <div
      id="rbd-hidden-text-0-hidden-text-0"
      style="display: none;"
    >
      
  Press space bar to start a drag.
  When dragging you can use the arrow keys to move the item around and escape to cancel.
  Some screen readers may require you to be in focus mode or to use your pass through key

    </div>
  </body>,
  "container": <div>
    <div
      class="container"
    >
      <div
        class="row justify-content-center mt-2"
        data-testid="searchForm"
      >
        <div
          class="col-9"
        >
          <input
            class="me-2 form-control form-control-lg"
            placeholder="Enter repo URL"
          />
        </div>
        <button
          class="col-2 me-2 btn btn-secondary btn-sm"
        >
          Load Issues
        </button>
        <div
          class="d-flex col-11 ms-0 mt-2"
        >
          <a
            class="text-decoration-none"
            data-testid="Profile"
            href="https://github.com/"
            rel="noreferrer"
            target="_blank"
          >
            Profile
          </a>
          <p
            class="ms-2 me-2"
          >
            &gt;
          </p>
          <a
            class="text-decoration-none"
            data-testid="Repository"
            href="https://github.com/"
            rel="noreferrer"
            target="_blank"
          >
            Repository
          </a>
        </div>
      </div>
      <div
        class="d-flex justify-content-center row"
        data-testid="issueTable"
      >
        <div
          class="d-flex flex-column align-items-center col"
        >
          <h2>
            To do
          </h2>
          <div
            class="m-1"
          >
            <div
              class="p-1 rounded"
              data-rbd-droppable-context-id="0"
              data-rbd-droppable-id="1"
              data-testid="droppable"
              style="background: lightgrey; width: 350px; height: 500px; overflow-y: auto;"
            />
          </div>
        </div>
        <div
          class="d-flex flex-column align-items-center col"
        >
          <h2>
            In Progress
          </h2>
          <div
            class="m-1"
          >
            <div
              class="p-1 rounded"
              data-rbd-droppable-context-id="0"
              data-rbd-droppable-id="2"
              data-testid="droppable"
              style="background: lightgrey; width: 350px; height: 500px; overflow-y: auto;"
            />
          </div>
        </div>
        <div
          class="d-flex flex-column align-items-center col"
        >
          <h2>
            Done
          </h2>
          <div
            class="m-1"
          >
            <div
              class="p-1 rounded"
              data-rbd-droppable-context-id="0"
              data-rbd-droppable-id="3"
              data-testid="droppable"
              style="background: lightgrey; width: 350px; height: 500px; overflow-y: auto;"
            />
          </div>
        </div>
      </div>
    </div>
  </div>,
  "debug": [Function],
  "findAllByAltText": [Function],
  "findAllByDisplayValue": [Function],
  "findAllByLabelText": [Function],
  "findAllByPlaceholderText": [Function],
  "findAllByRole": [Function],
  "findAllByTestId": [Function],
  "findAllByText": [Function],
  "findAllByTitle": [Function],
  "findByAltText": [Function],
  "findByDisplayValue": [Function],
  "findByLabelText": [Function],
  "findByPlaceholderText": [Function],
  "findByRole": [Function],
  "findByTestId": [Function],
  "findByText": [Function],
  "findByTitle": [Function],
  "getAllByAltText": [Function],
  "getAllByDisplayValue": [Function],
  "getAllByLabelText": [Function],
  "getAllByPlaceholderText": [Function],
  "getAllByRole": [Function],
  "getAllByTestId": [Function],
  "getAllByText": [Function],
  "getAllByTitle": [Function],
  "getByAltText": [Function],
  "getByDisplayValue": [Function],
  "getByLabelText": [Function],
  "getByPlaceholderText": [Function],
  "getByRole": [Function],
  "getByTestId": [Function],
  "getByText": [Function],
  "getByTitle": [Function],
  "queryAllByAltText": [Function],
  "queryAllByDisplayValue": [Function],
  "queryAllByLabelText": [Function],
  "queryAllByPlaceholderText": [Function],
  "queryAllByRole": [Function],
  "queryAllByTestId": [Function],
  "queryAllByText": [Function],
  "queryAllByTitle": [Function],
  "queryByAltText": [Function],
  "queryByDisplayValue": [Function],
  "queryByLabelText": [Function],
  "queryByPlaceholderText": [Function],
  "queryByRole": [Function],
  "queryByTestId": [Function],
  "queryByText": [Function],
  "queryByTitle": [Function],
  "rerender": [Function],
  "unmount": [Function],
}
`;
